[14:54:11][INFO ][PID:  487] === ROZPOCZĘCIE SYMULACJI KOLEI LINOWEJ ===
[14:54:11][INFO ][PID:  487] Parametry: 45 sekund, max 100 turystów
[14:54:11][INFO ][PID:  487] MAIN: Uruchomiono kasjera (PID: 491)
[14:54:11][INFO ][PID:  487] MAIN: Uruchomiono pracownika1 (PID: 492)
[14:54:11][INFO ][PID:  487] MAIN: Uruchomiono pracownika2 (PID: 493)
[14:54:11][INFO ][PID:  487] MONITOR: Wątek monitorowania uruchomiony
[14:54:11][INFO ][PID:  487] STATYSTYKI: Wątek statystyk odłączony (pthread_detach)
[14:54:11][INFO ][PID:  487] MAIN: Generuję turystę #1 (wiek: 35) z 0 dziećmi
[14:54:11][DEBUG][PID:  487] MAIN: Uruchomiono turystę #1 (PID: 496, wiek: 35)
[14:54:12][INFO ][PID:  487] MAIN: Generuję turystę #2 (wiek: 23) z 0 dziećmi
[14:54:12][DEBUG][PID:  487] MAIN: Uruchomiono turystę #2 (PID: 497, wiek: 23)
[14:54:13][INFO ][PID:  487] MAIN: Generuję turystę #3 (wiek: 30) z 0 dziećmi
[14:54:13][DEBUG][PID:  487] MAIN: Uruchomiono turystę #3 (PID: 498, wiek: 30)
[14:54:14][INFO ][PID:  487] MAIN: Generuję turystę #4 (wiek: 50) z 1 dziećmi
[14:54:14][DEBUG][PID:  487] MAIN: Uruchomiono turystę #5 (PID: 499, wiek: 7)
[14:54:14][DEBUG][PID:  487] MAIN: Uruchomiono turystę #4 (PID: 500, wiek: 50)
[14:54:15][INFO ][PID:  487] MAIN: Generuję turystę #6 (wiek: 50) z 0 dziećmi
[14:54:15][DEBUG][PID:  487] MAIN: Uruchomiono turystę #6 (PID: 501, wiek: 50)
[14:54:16][INFO ][PID:  487] MAIN: Generuję turystę #7 (wiek: 30) z 1 dziećmi
[14:54:16][DEBUG][PID:  487] MAIN: Uruchomiono turystę #8 (PID: 502, wiek: 7)
[14:54:16][DEBUG][PID:  487] MAIN: Uruchomiono turystę #7 (PID: 503, wiek: 30)
[14:54:17][INFO ][PID:  487] MAIN: Generuję turystę #9 (wiek: 67) z 2 dziećmi
[14:54:17][DEBUG][PID:  487] MAIN: Uruchomiono turystę #10 (PID: 504, wiek: 7)
[14:54:17][DEBUG][PID:  487] MAIN: Uruchomiono turystę #11 (PID: 505, wiek: 5)
[14:54:17][DEBUG][PID:  487] MAIN: Uruchomiono turystę #9 (PID: 506, wiek: 67)
[14:54:18][INFO ][PID:  487] MAIN: Generuję turystę #12 (wiek: 40) z 0 dziećmi
[14:54:18][DEBUG][PID:  487] MAIN: Uruchomiono turystę #12 (PID: 507, wiek: 40)
[14:54:19][INFO ][PID:  487] MAIN: Generuję turystę #13 (wiek: 45) z 0 dziećmi
[14:54:19][DEBUG][PID:  487] MAIN: Uruchomiono turystę #13 (PID: 508, wiek: 45)
[14:54:20][INFO ][PID:  487] MAIN: Generuję turystę #14 (wiek: 55) z 2 dziećmi
[14:54:20][DEBUG][PID:  487] MAIN: Uruchomiono turystę #15 (PID: 509, wiek: 5)
[14:54:20][DEBUG][PID:  487] MAIN: Uruchomiono turystę #16 (PID: 510, wiek: 4)
[14:54:20][DEBUG][PID:  487] MAIN: Uruchomiono turystę #14 (PID: 511, wiek: 55)
[14:54:21][INFO ][PID:  487] MAIN: Generuję turystę #17 (wiek: 45) z 0 dziećmi
[14:54:21][DEBUG][PID:  487] MAIN: Uruchomiono turystę #17 (PID: 512, wiek: 45)
[14:54:22][INFO ][PID:  487] MAIN: Generuję turystę #18 (wiek: 60) z 1 dziećmi
[14:54:22][DEBUG][PID:  487] MAIN: Uruchomiono turystę #19 (PID: 513, wiek: 5)
[14:54:22][DEBUG][PID:  487] MAIN: Uruchomiono turystę #18 (PID: 514, wiek: 60)
[14:54:25][INFO ][PID:  487] MAIN: Generuję turystę #20 (wiek: 49) z 0 dziećmi
[14:54:25][DEBUG][PID:  487] MAIN: Uruchomiono turystę #20 (PID: 515, wiek: 49)
[14:54:26][INFO ][PID:  487] MAIN: Generuję turystę #21 (wiek: 67) z 0 dziećmi
[14:54:26][DEBUG][PID:  487] MAIN: Uruchomiono turystę #21 (PID: 516, wiek: 67)
[14:54:27][INFO ][PID:  487] MAIN: Generuję turystę #22 (wiek: 39) z 1 dziećmi
[14:54:27][DEBUG][PID:  487] MAIN: Uruchomiono turystę #23 (PID: 517, wiek: 6)
[14:54:27][DEBUG][PID:  487] MAIN: Uruchomiono turystę #22 (PID: 518, wiek: 39)
[14:54:28][INFO ][PID:  487] MAIN: Generuję turystę #24 (wiek: 64) z 1 dziećmi
[14:54:28][DEBUG][PID:  487] MAIN: Uruchomiono turystę #25 (PID: 519, wiek: 6)
[14:54:28][DEBUG][PID:  487] MAIN: Uruchomiono turystę #24 (PID: 520, wiek: 64)
[14:54:29][INFO ][PID:  487] MAIN: Generuję turystę #26 (wiek: 26) z 0 dziećmi
[14:54:29][DEBUG][PID:  487] MAIN: Uruchomiono turystę #26 (PID: 521, wiek: 26)
[14:54:30][INFO ][PID:  487] MAIN: Generuję turystę #27 (wiek: 53) z 0 dziećmi
[14:54:30][DEBUG][PID:  487] MAIN: Uruchomiono turystę #27 (PID: 522, wiek: 53)
[14:54:31][INFO ][PID:  487] MAIN: Generuję turystę #28 (wiek: 43) z 0 dziećmi
[14:54:31][DEBUG][PID:  487] MAIN: Uruchomiono turystę #28 (PID: 523, wiek: 43)
[14:54:32][INFO ][PID:  487] MAIN: Generuję turystę #29 (wiek: 28) z 2 dziećmi
[14:54:32][DEBUG][PID:  487] MAIN: Uruchomiono turystę #30 (PID: 524, wiek: 4)
[14:54:32][DEBUG][PID:  487] MAIN: Uruchomiono turystę #31 (PID: 525, wiek: 4)
[14:54:32][DEBUG][PID:  487] MAIN: Uruchomiono turystę #29 (PID: 526, wiek: 28)
[14:54:33][INFO ][PID:  487] MAIN: Generuję turystę #32 (wiek: 53) z 0 dziećmi
[14:54:33][DEBUG][PID:  487] MAIN: Uruchomiono turystę #32 (PID: 527, wiek: 53)
[14:54:34][INFO ][PID:  487] MAIN: Generuję turystę #33 (wiek: 57) z 0 dziećmi
[14:54:34][DEBUG][PID:  487] MAIN: Uruchomiono turystę #33 (PID: 528, wiek: 57)
[14:54:35][INFO ][PID:  487] MAIN: Generuję turystę #34 (wiek: 35) z 0 dziećmi
[14:54:35][DEBUG][PID:  487] MAIN: Uruchomiono turystę #34 (PID: 529, wiek: 35)
[14:54:36][INFO ][PID:  487] MAIN: Generuję turystę #35 (wiek: 29) z 1 dziećmi
[14:54:36][DEBUG][PID:  487] MAIN: Uruchomiono turystę #36 (PID: 530, wiek: 6)
[14:54:36][DEBUG][PID:  487] MAIN: Uruchomiono turystę #35 (PID: 531, wiek: 29)
[14:54:37][INFO ][PID:  487] MAIN: Generuję turystę #37 (wiek: 30) z 0 dziećmi
[14:54:37][DEBUG][PID:  487] MAIN: Uruchomiono turystę #37 (PID: 532, wiek: 30)
[14:54:38][INFO ][PID:  487] MAIN: Generuję turystę #38 (wiek: 57) z 0 dziećmi
[14:54:38][DEBUG][PID:  487] MAIN: Uruchomiono turystę #38 (PID: 533, wiek: 57)
[14:54:39][INFO ][PID:  487] MAIN: Generuję turystę #39 (wiek: 35) z 0 dziećmi
[14:54:39][DEBUG][PID:  487] MAIN: Uruchomiono turystę #39 (PID: 534, wiek: 35)
[14:54:40][INFO ][PID:  487] MAIN: Generuję turystę #40 (wiek: 53) z 0 dziećmi
[14:54:40][DEBUG][PID:  487] MAIN: Uruchomiono turystę #40 (PID: 535, wiek: 53)
[14:54:41][INFO ][PID:  487] MAIN: Generuję turystę #41 (wiek: 39) z 0 dziećmi
[14:54:41][DEBUG][PID:  487] MAIN: Uruchomiono turystę #41 (PID: 536, wiek: 39)
[14:54:42][INFO ][PID:  487] MAIN: Generuję turystę #42 (wiek: 56) z 0 dziećmi
[14:54:42][DEBUG][PID:  487] MAIN: Uruchomiono turystę #42 (PID: 537, wiek: 56)
[14:54:43][INFO ][PID:  487] MAIN: Generuję turystę #43 (wiek: 22) z 1 dziećmi
[14:54:43][DEBUG][PID:  487] MAIN: Uruchomiono turystę #44 (PID: 538, wiek: 5)
[14:54:43][DEBUG][PID:  487] MAIN: Uruchomiono turystę #43 (PID: 539, wiek: 22)
[14:54:44][INFO ][PID:  487] MAIN: Generuję turystę #45 (wiek: 62) z 0 dziećmi
[14:54:44][DEBUG][PID:  487] MAIN: Uruchomiono turystę #45 (PID: 540, wiek: 62)
[14:54:45][INFO ][PID:  487] MAIN: Generuję turystę #46 (wiek: 62) z 1 dziećmi
[14:54:45][DEBUG][PID:  487] MAIN: Uruchomiono turystę #47 (PID: 541, wiek: 5)
[14:54:45][DEBUG][PID:  487] MAIN: Uruchomiono turystę #46 (PID: 542, wiek: 62)
[14:54:46][INFO ][PID:  487] MAIN: Generuję turystę #48 (wiek: 41) z 0 dziećmi
[14:54:46][DEBUG][PID:  487] MAIN: Uruchomiono turystę #48 (PID: 543, wiek: 41)
[14:54:47][INFO ][PID:  487] MAIN: Generuję turystę #49 (wiek: 68) z 0 dziećmi
[14:54:47][DEBUG][PID:  487] MAIN: Uruchomiono turystę #49 (PID: 544, wiek: 68)
[14:54:48][INFO ][PID:  487] MAIN: Generuję turystę #50 (wiek: 51) z 0 dziećmi
[14:54:48][DEBUG][PID:  487] MAIN: Uruchomiono turystę #50 (PID: 545, wiek: 51)
[14:54:49][INFO ][PID:  487] MAIN: Generuję turystę #51 (wiek: 67) z 0 dziećmi
[14:54:49][DEBUG][PID:  487] MAIN: Uruchomiono turystę #51 (PID: 546, wiek: 67)
[14:54:50][INFO ][PID:  487] MAIN: Generuję turystę #52 (wiek: 24) z 0 dziećmi
[14:54:50][DEBUG][PID:  487] MAIN: Uruchomiono turystę #52 (PID: 547, wiek: 24)
[14:54:51][INFO ][PID:  487] MAIN: Generuję turystę #53 (wiek: 44) z 0 dziećmi
[14:54:51][DEBUG][PID:  487] MAIN: Uruchomiono turystę #53 (PID: 548, wiek: 44)
[14:54:52][INFO ][PID:  487] MAIN: Generuję turystę #54 (wiek: 32) z 1 dziećmi
[14:54:52][DEBUG][PID:  487] MAIN: Uruchomiono turystę #55 (PID: 549, wiek: 7)
[14:54:52][DEBUG][PID:  487] MAIN: Uruchomiono turystę #54 (PID: 550, wiek: 32)
[14:54:53][INFO ][PID:  487] MAIN: Generuję turystę #56 (wiek: 41) z 0 dziećmi
[14:54:53][DEBUG][PID:  487] MAIN: Uruchomiono turystę #56 (PID: 551, wiek: 41)
[14:54:54][INFO ][PID:  487] MAIN: Generuję turystę #57 (wiek: 57) z 0 dziećmi
[14:54:54][DEBUG][PID:  487] MAIN: Uruchomiono turystę #57 (PID: 552, wiek: 57)
[14:54:55][INFO ][PID:  487] MAIN: Generuję turystę #58 (wiek: 60) z 0 dziećmi
[14:54:55][DEBUG][PID:  487] MAIN: Uruchomiono turystę #58 (PID: 553, wiek: 60)
[14:54:56][INFO ][PID:  487] MAIN: Koniec godzin pracy kolei
[14:54:59][INFO ][PID:  487] MAIN: Zatrzymywanie symulacji
[14:54:59][INFO ][PID:  487] MAIN: Zatrzymuję wszystkie procesy...
[14:54:59][DEBUG][PID:  487] MAIN: Proces 500 zakończony
[14:54:59][DEBUG][PID:  487] MAIN: Proces 504 zakończony
[14:54:59][DEBUG][PID:  487] MAIN: Proces 505 zakończony
[14:54:59][DEBUG][PID:  487] MAIN: Proces 511 zakończony
[14:54:59][DEBUG][PID:  487] MAIN: Proces 520 zakończony
[14:54:59][DEBUG][PID:  487] MAIN: Proces 531 zakończony
[14:54:59][DEBUG][PID:  487] MAIN: Proces 537 zakończony
[14:54:59][DEBUG][PID:  487] MAIN: Proces 491 zakończony
[14:54:59][DEBUG][PID:  487] MAIN: Proces 535 zakończony
[14:54:59][DEBUG][PID:  487] MAIN: Proces 493 zakończony
[14:54:59][DEBUG][PID:  487] MAIN: Proces 545 zakończony
[14:54:59][DEBUG][PID:  487] MAIN: Proces 546 zakończony
[14:54:59][DEBUG][PID:  487] MAIN: Proces 548 zakończony
[14:54:59][DEBUG][PID:  487] MAIN: Proces 550 zakończony
[14:54:59][DEBUG][PID:  487] MAIN: Proces 551 zakończony
[14:54:59][DEBUG][PID:  487] MAIN: Proces 540 zakończony
[14:54:59][DEBUG][PID:  487] MAIN: Proces 552 zakończony
[14:54:59][DEBUG][PID:  487] MAIN: Proces 553 zakończony
[14:54:59][INFO ][PID:  487] MONITOR: Wątek monitorowania zakończony
[14:54:59][INFO ][PID:  487] STATYSTYKI: Wątek zakończony (był odłączony, nie wymaga join)
[14:55:00][DEBUG][PID:  487] MAIN: Proces 492 zakończony
[14:55:00][INFO ][PID:  487] MAIN: Zebrano 19 procesów potomnych
[14:55:00][INFO ][PID:  487]  ZAKOŃCZENIE SYMULACJI 
